
analysis_full.txt:13:  
error - Expected to find 
';' - lib\screens\owner_ta
bs\queue_tab.dart:135:7 - 
expected_token
analysis_full.txt:15:  
error - Expected an 
identifier - lib\screens\o
wner_tabs\queue_tab.dart:1
35:8 - missing_identifier
analysis_full.txt:16:  
error - Expected to find 
';' - lib\screens\owner_ta
bs\queue_tab.dart:135:8 - 
expected_token
analysis_full.txt:17:  
error - Unexpected text 
';' - lib\screens\owner_ta
bs\queue_tab.dart:135:8 - 
unexpected_token
analysis_full.txt:18:  
error - Expected an 
identifier - lib\screens\o
wner_tabs\queue_tab.dart:1
36:5 - missing_identifier
analysis_full.txt:19:  
error - Unexpected text 
';' - lib\screens\owner_ta
bs\queue_tab.dart:136:5 - 
unexpected_token
analysis_full.txt:24:  
error - Expected to find 
';' - lib\utils\download_s
ervice.dart:408:7 - 
expected_token
analysis_full.txt:25:  
error - Expected an 
identifier - lib\utils\dow
nload_service.dart:408:8 
- missing_identifier
analysis_full.txt:26:  
error - Expected to find 
';' - lib\utils\download_s
ervice.dart:408:8 - 
expected_token
analysis_full.txt:27:  
error - Unexpected text 
';' - lib\utils\download_s
ervice.dart:408:8 - 
unexpected_token
analysis_full.txt:28:  
error - Expected an 
identifier - lib\utils\dow
nload_service.dart:409:5 
- missing_identifier
analysis_full.txt:29:  
error - Unexpected text 
';' - lib\utils\download_s
ervice.dart:409:5 - 
unexpected_token
analysis_full.txt:31:  
error - The function 
'NumericAxis' isn't 
defined - lib\utils\downlo
ad_service.dart:501:43 - 
undefined_function
analysis_full.txt:32:  
error - The function 
'NumericAxis' isn't 
defined - lib\utils\downlo
ad_service.dart:540:37 - 
undefined_function


